// Vitest Snapshot v1, https://vitest.dev/guide/snapshot.html

exports[`PJTG corpus conformance: the score > lists every known gap with its reason 1`] = `
[
  "any.prisma :: any.test-d.ts: expectNotType<Model>({ field: {} as unknown }) :: JsonValue and unknown differ only statically; both accept every runtime value, so no .parse() can tell them apart",
  "cockroach.prisma :: cockroach.test-d.ts: expectNotAssignable<Model>({ simple: 1, optional: 2 }) :: upstream's client is emitted under @ts-nocheck, where expectNotAssignable never fires; this row is a copy of the accept case above it and asserts that a valid value is invalid",
  "literal.prisma :: literal.test-d.ts: expectNotAssignable<UpdateManyInput>({ push: '3' }) :: the { set } / { push } list wrappers are deliberately left untyped, so a wrong element type is accepted",
  "literal.prisma :: literal.test-d.ts: expectNotAssignable<UpdateManyInput>({ push: ['3'] }) :: the { set } / { push } list wrappers are deliberately left untyped, so a wrong element type is accepted",
  "literal.prisma :: literal.test-d.ts: expectNotAssignable<UpdateManyInput>({ set: ['3,3,3'] }) :: the { set } / { push } list wrappers are deliberately left untyped, so a wrong element type is accepted",
  "mongo.prisma :: mongo.test-d.ts: expectNotAssignable<Model>({ simple: '1' }) applied to the composite :: annotations inside a MongoDB composite \`type\` block are not applied: the emitter resolves a model name from the schema name, and a composite is not a model",
  "mongo.prisma :: mongo.test-d.ts: expectNotAssignable<Model>({ simple: 1, optional: 2, list: [3], nested: {...} }) :: upstream's client is emitted under @ts-nocheck, where expectNotAssignable never fires; this row is a copy of the accept case above it and asserts that a valid value is invalid",
  "mongo.prisma :: mongo.test-d.ts: expectNotAssignable<UpdateManyInput>({ push: '3' }) :: the { set } / { push } list wrappers are deliberately left untyped, so a wrong element type is accepted",
  "mongo.prisma :: mongo.test-d.ts: expectNotAssignable<UpdateManyInput>({ push: ['3'] }) :: the { set } / { push } list wrappers are deliberately left untyped, so a wrong element type is accepted",
  "mongo.prisma :: mongo.test-d.ts: expectNotAssignable<UpdateManyInput>({ set: ['3,3,3'] }) :: the { set } / { push } list wrappers are deliberately left untyped, so a wrong element type is accepted",
  "mysql.prisma :: mysql.test-d.ts: expectNotAssignable<Model>({ simple: 1, optional: 2 }) :: upstream's client is emitted under @ts-nocheck, where expectNotAssignable never fires; this row is a copy of the accept case above it and asserts that a valid value is invalid",
  "normal-prisma-client.prisma :: normal-prisma-client.test-d.ts: expectNotAssignable<UpdateManyInput>({ push: '3' }) :: the { set } / { push } list wrappers are deliberately left untyped, so a wrong element type is accepted",
  "normal-prisma-client.prisma :: normal-prisma-client.test-d.ts: expectNotAssignable<UpdateManyInput>({ push: ['3'] }) :: the { set } / { push } list wrappers are deliberately left untyped, so a wrong element type is accepted",
  "normal-prisma-client.prisma :: normal-prisma-client.test-d.ts: expectNotAssignable<UpdateManyInput>({ set: ['3,3,3'] }) :: the { set } / { push } list wrappers are deliberately left untyped, so a wrong element type is accepted",
  "normal.prisma :: normal.test-d.ts: expectAssignable<ModelGroupByOutputType>({ optional: null, list: [3,3,3], _count: null, ... }) :: PZG's groupBy result marks _count/_avg/_sum/_min/_max optional but not nullable, so upstream's explicit nulls are rejected",
  "normal.prisma :: normal.test-d.ts: expectAssignable<ModelGroupByOutputType>({ simple: 1, optional: 2, list: [3], _count: null, ... }) :: PZG's groupBy result marks _count/_avg/_sum/_min/_max optional but not nullable, so upstream's explicit nulls are rejected",
  "normal.prisma :: normal.test-d.ts: expectNotAssignable<ModelGroupByOutputType>({ list: ['3'] }) :: result schemas emit z.unknown() for Json columns; typedJson is wired into the CRUD and pure-model emitters only",
  "normal.prisma :: normal.test-d.ts: expectNotAssignable<ModelGroupByOutputType>({ optional: '2' }) :: result schemas emit z.unknown() for Json columns; typedJson is wired into the CRUD and pure-model emitters only",
  "normal.prisma :: normal.test-d.ts: expectNotAssignable<ModelGroupByOutputType>({ simple: '1' }) :: result schemas emit z.unknown() for Json columns; typedJson is wired into the CRUD and pure-model emitters only",
  "normal.prisma :: normal.test-d.ts: expectNotAssignable<UpdateManyInput>({ push: '3' }) :: the { set } / { push } list wrappers are deliberately left untyped, so a wrong element type is accepted",
  "normal.prisma :: normal.test-d.ts: expectNotAssignable<UpdateManyInput>({ push: ['3'] }) :: the { set } / { push } list wrappers are deliberately left untyped, so a wrong element type is accepted",
  "normal.prisma :: normal.test-d.ts: expectNotAssignable<UpdateManyInput>({ set: ['3,3,3'] }) :: the { set } / { push } list wrappers are deliberately left untyped, so a wrong element type is accepted",
  "number.prisma :: number.test-d.ts: expectNotAssignable<ModelMaxAggregateOutputType>({ price: 999, nullablePrice: 75, floatPrice: 9.75 }) :: min/max aggregate results keep the column scalar type, so the annotation does not narrow them",
  "number.prisma :: number.test-d.ts: expectNotAssignable<ModelMinAggregateOutputType>({ price: 123, nullablePrice: 75, floatPrice: 2.25 }) :: min/max aggregate results keep the column scalar type, so the annotation does not narrow them",
  "skip.prisma :: skip.test-d.ts: expectNotAssignable<...>({ simple: 1, list: [3] }) :: PZG has no strictUndefinedChecks analogue: an optional field may simply be omitted",
  "string.prisma :: string.test-d.ts: expectNotAssignable<ModelUpdateInput>({ literal: { set: 'invalid' } }) :: StringFieldUpdateOperationsInput.set stays z.string(); the annotation is applied to the direct branch of the update union only",
  "string.prisma :: string.test-d.ts: expectNotAssignable<ModelUpdateInput>({ typed: { set: 'invalid' } }) :: StringFieldUpdateOperationsInput.set stays z.string(); the annotation is applied to the direct branch of the update union only",
  "string.prisma :: string.test-d.ts: expectNotAssignable<StringArrayModelCreateInput>({ tags: { set: ['invalid'] } }) :: the { set } / { push } list wrappers are deliberately left untyped, so a wrong element type is accepted",
  "string.prisma :: string.test-d.ts: expectNotAssignable<StringArrayModelUpdateInput>({ tags: { set: ['invalid'] } }) :: the { set } / { push } list wrappers are deliberately left untyped, so a wrong element type is accepted",
  "unknown.prisma :: unknown.test-d.ts: expectNotType<Model>({ field: {} as any, str: {} as any, int: 0 as any }) :: any and unknown differ only statically; no .parse() can tell them apart",
  "use-type.prisma :: use-type.test-d.ts: expectNotAssignable<UpdateManyInput>({ push: '3' }) :: the { set } / { push } list wrappers are deliberately left untyped, so a wrong element type is accepted",
  "use-type.prisma :: use-type.test-d.ts: expectNotAssignable<UpdateManyInput>({ push: ['3'] }) :: the { set } / { push } list wrappers are deliberately left untyped, so a wrong element type is accepted",
  "use-type.prisma :: use-type.test-d.ts: expectNotAssignable<UpdateManyInput>({ set: ['3,3,3'] }) :: the { set } / { push } list wrappers are deliberately left untyped, so a wrong element type is accepted",
]
`;
