// Vitest Snapshot v1, https://vitest.dev/guide/snapshot.html

exports[`PJTG corpus: coverage over the vendored schemas > recognises every annotation the corpus carries, and nothing else 1`] = `
[
  "array.prisma#Model.array ![[number[]][]]",
  "cockroach.prisma#Model.simple [Simple]",
  "cockroach.prisma#Model.optional [Optional]",
  "cockroach.prisma#Text.typed [WithType]",
  "cockroach.prisma#Text.literal !['A' | 'B']",
  "extensions.prisma#User.profile [UserProfile]",
  "literal.prisma#Model.simple ![1]",
  "literal.prisma#Model.optional ![2]",
  "literal.prisma#Model.list ![3]",
  "mongo.prisma#Model.simple [Simple]",
  "mongo.prisma#Model.optional [Optional]",
  "mongo.prisma#Model.list [List]",
  "mongo.prisma#Text.typed [WithType]",
  "mongo.prisma#Text.literal !['A' | 'B']",
  "mongo.prisma#Nested.simple [Simple]",
  "mongo.prisma#Nested.optional [Optional]",
  "mongo.prisma#Nested.list [List]",
  "mssql.prisma#Text.typed [WithType]",
  "mssql.prisma#Text.literal !['A' | 'B']",
  "multiple-clients.prisma#User.profile [Profile]",
  "multiple-clients.prisma#User.settings [Settings]",
  "multiple-clients.prisma#User.tags [Tag]",
  "mysql.prisma#Model.simple [Simple]",
  "mysql.prisma#Model.optional [Optional]",
  "mysql.prisma#Text.typed [WithType]",
  "mysql.prisma#Text.literal !['A' | 'B']",
  "normal-prisma-client.prisma#Model.simple [Simple]",
  "normal-prisma-client.prisma#Model.optional [Optional]",
  "normal-prisma-client.prisma#Model.list [List]",
  "normal-prisma-client.prisma#SubModel.simple [Simple]",
  "normal.prisma#Model.simple [Simple]",
  "normal.prisma#Model.optional [Optional]",
  "normal.prisma#Model.list [List]",
  "normal.prisma#orders.meta [SampleJson]",
  "nullable.prisma#Model.testJSON [TestJsonType]",
  "number.prisma#Model.price [Price]",
  "number.prisma#Model.nullablePrice [NullablePrice]",
  "number.prisma#Model.floatPrice [FloatPrice]",
  "number.prisma#Model.config [Config]",
  "skip.prisma#Model.simple [Simple]",
  "skip.prisma#Model.optional [Optional]",
  "skip.prisma#Model.list [List]",
  "sqlite.prisma#Text.typed [WithType]",
  "sqlite.prisma#Text.literal !['A' | 'B']",
  "string.prisma#Model.typed [WithType]",
  "string.prisma#Model.literal !['A' | 'B']",
  "string.prisma#StringArrayModel.tags [StringArrayType]",
  "use-type.prisma#Model.simple [Simple]",
  "use-type.prisma#Model.optional [Optional]",
  "use-type.prisma#Model.list [List]",
]
`;
